FAILED: CalciteSubquerySemanticException [Error 10002]: Line 4:104 Invalid column reference 'nonexistent_column'
